AI CHESSATHON MATCH LOG
=======================

MATCH
  Round          Rated 3
  Team           The Castle Gambit
  Colour         Black
  Opponent       Chess
  Opening        Nimzo-Indian Defence
  Start FEN      rnbq1rk1/ppp2ppp/5n2/3p4/1b1P4/2NBP3/PP2NPPP/R1BQK2R b KQ - 1 7
  You moved      First
  Machine        w-69d466
  Finished       2026-09-04 09:19:50 UTC
  Match ID       8252e777-f83b-4476-b43d-09156d777030

INIT
  Ready in       NA
  Budget         90.0 s
  Used           NA

CLOCK
  Base           120.0 s plus 0.5 s per move
  Moves          20
  Time used      91.5 s
  Slowest        9.2 s on move 4
  Fastest        0.0 s on move 19
  Average        4.6 s
  Left at end    38.5 s

RESULT
  Won by checkmate
  Game lasted 164.0 s

MOVES
    #  move          time     clock left
    1  Re8           6.8 s      113.7 s
    2  Ba5           6.4 s      107.8 s
    3  g6            8.2 s      100.1 s
    4  Bb6           9.2 s       91.4 s
    5  c6            4.7 s       87.2 s
    6  Bg4           7.4 s       80.3 s
    7  Bxd1          6.7 s       74.1 s
    8  Bh5           4.6 s       70.0 s
    9  Nfd7          6.1 s       64.4 s
   10  f6            3.3 s       61.6 s
   11  Qxd7          8.4 s       53.6 s
   12  Qg4           4.8 s       49.3 s
   13  Rxe3          2.6 s       47.2 s
   14  Qxd4          3.3 s       44.4 s
   15  Qxe3+         3.6 s       41.3 s
   16  Qf2           2.6 s       39.2 s
   17  cxd5          2.7 s       37.0 s
   18  Bf3           0.0 s       37.5 s
   19  Bxd5          0.0 s       38.0 s
   20  Bxg2#         0.0 s       38.5 s

OUTPUT
  NA. This game was played before agent logs were kept, so the output
  and the init time were never recorded. Everything above comes from
  the clocks in the game itself.

Email hello@aichessathon.com with this file if anything here is unclear.
