AI CHESSATHON MATCH LOG
=======================

MATCH
  Round          Rated 9
  Team           The Castle Gambit
  Colour         White
  Opponent       DGS ELO
  Opening        Caro-Kann Classical
  Start FEN      rn1qkbnr/pp2pppp/2p3b1/8/3P3P/6N1/PPP2PP1/R1BQKBNR b KQkq - 0 6
  You moved      Second
  Machine        w-1af86c
  Finished       2026-09-04 15:09:54 UTC
  Match ID       87ea74a4-d475-4d6a-a6ac-e650af69f641

INIT
  Ready in       NA
  Budget         90.0 s
  Used           NA

CLOCK
  Base           120.0 s plus 0.5 s per move
  Moves          25
  Time used      113.2 s
  Slowest        12.1 s on move 8
  Fastest        0.0 s on move 25
  Average        4.5 s
  Left at end    19.3 s

RESULT
  Won by checkmate
  Game lasted 175.8 s

MOVES
    #  move          time     clock left
    1  Bc4           8.2 s      112.3 s
    2  h5            8.0 s      104.8 s
    3  Nf3           8.5 s       96.8 s
    4  O-O           5.9 s       91.4 s
    5  Re1           4.7 s       87.2 s
    6  fxg3          6.0 s       81.7 s
    7  Ne5           6.0 s       76.2 s
    8  c3           12.1 s       64.6 s
    9  Bd3          10.7 s       54.4 s
   10  Qxd3          3.0 s       51.9 s
   11  Qf3           8.2 s       44.2 s
   12  dxe5          3.0 s       41.7 s
   13  Qg4           2.5 s       39.8 s
   14  Bf4           3.4 s       36.9 s
   15  Kh2           3.5 s       33.8 s
   16  Rab1          2.6 s       31.8 s
   17  Rec1          4.4 s       27.9 s
   18  Qh4           2.7 s       25.6 s
   19  Bxh6          5.0 s       21.1 s
   20  Qxh6+         3.6 s       18.0 s
   21  Rc4           1.2 s       17.4 s
   22  Qg5+          0.0 s       17.9 s
   23  Rxa4          0.0 s       18.3 s
   24  Rb4           0.0 s       18.8 s
   25  Rh4#          0.0 s       19.3 s

OUTPUT
  NA. This game was played before agent logs were kept, so the output
  and the init time were never recorded. Everything above comes from
  the clocks in the game itself.

Email hello@aichessathon.com with this file if anything here is unclear.
