AI CHESSATHON MATCH LOG
=======================

MATCH
  Round          Rated 8
  Team           The Castle Gambit
  Colour         Black
  Opponent       Cheeky
  Opening        Sicilian Closed
  Start FEN      r1bqk1nr/pp3pbp/2np2p1/2p1p3/4P3/2NP2PP/PPP1NPB1/R1BQK2R b KQkq - 1 7
  You moved      First
  Machine        w-82c5b3
  Finished       2026-09-04 14:23:24 UTC
  Match ID       131b997c-9cca-47dc-862c-ccb5b29a28f1

INIT
  Ready in       NA
  Budget         90.0 s
  Used           NA

CLOCK
  Base           120.0 s plus 0.5 s per move
  Moves          30
  Time used      118.1 s
  Slowest        12.5 s on move 4
  Fastest        0.0 s on move 29
  Average        3.9 s
  Left at end    16.9 s

RESULT
  Won by checkmate
  Game lasted 239.7 s

MOVES
    #  move          time     clock left
    1  Nge7          8.5 s      112.0 s
    2  f5            5.7 s      106.8 s
    3  h6            6.8 s      100.5 s
    4  fxe4         12.5 s       88.5 s
    5  O-O           4.8 s       84.2 s
    6  Nd4           5.8 s       78.9 s
    7  Rb8           4.2 s       75.2 s
    8  Bf5           5.6 s       70.0 s
    9  Qxe7          8.5 s       62.1 s
   10  Bxe4         10.4 s       52.2 s
   11  Nf3+          3.5 s       49.2 s
   12  Nd4           3.7 s       46.1 s
   13  Qf7           3.2 s       43.4 s
   14  Qf3           2.6 s       41.3 s
   15  a6            5.5 s       36.3 s
   16  b5            4.7 s       32.0 s
   17  bxc4          2.2 s       30.3 s
   18  exd4          1.9 s       29.0 s
   19  cxb3          2.2 s       27.3 s
   20  Rxb3          2.5 s       25.3 s
   21  c4            1.6 s       24.2 s
   22  d3            2.0 s       22.6 s
   23  Rb2           1.9 s       21.3 s
   24  Bxb2          1.6 s       20.2 s
   25  Kh7           4.3 s       16.4 s
   26  d2            2.0 s       14.9 s
   27  Bd4           0.0 s       15.4 s
   28  Kh8           0.0 s       15.9 s
   29  Kxh7          0.0 s       16.4 s
   30  d1=Q#         0.0 s       16.9 s

OUTPUT
  NA. This game was played before agent logs were kept, so the output
  and the init time were never recorded. Everything above comes from
  the clocks in the game itself.

Email hello@aichessathon.com with this file if anything here is unclear.
