AI CHESSATHON MATCH LOG
=======================

MATCH
  Round          Rated 14
  Team           The Castle Gambit
  Colour         White
  Opponent       archierayteam
  Opening        Scotch Game
  Start FEN      r1bqk2r/pppp1ppp/2n2n2/1Bb5/3NP3/2P5/PP3PPP/RNBQ1RK1 b kq - 2 7
  You moved      Second
  Machine        w-1af86c
  Finished       2026-09-04 20:10:06 UTC
  Match ID       bb421592-a7a7-4c34-9535-a9a50fd56e52

INIT
  Ready in       16.9 s
  Budget         90.0 s
  Used           19 percent

CLOCK
  Base           120.0 s plus 0.5 s per move
  Moves          46
  Time used      138.1 s
  Slowest        8.5 s on move 4
  Fastest        0.0 s on move 45
  Average        3.0 s
  Left at end    4.9 s

RESULT
  Lost by checkmate
  Game lasted 255.5 s

MOVES
    #  move          time     clock left
    1  Be3           7.8 s      112.7 s
    2  Bd3           5.8 s      107.4 s
    3  cxd4          6.8 s      101.1 s
    4  Nc3           8.5 s       93.1 s
    5  Bxe4          6.9 s       86.7 s
    6  Nxe4          7.6 s       79.6 s
    7  Qh5           6.9 s       73.3 s
    8  Rad1          3.6 s       70.2 s
    9  g3            6.4 s       64.2 s
   10  Qh4           5.9 s       58.8 s
   11  Kh1           3.0 s       56.3 s
   12  Rg1           6.7 s       50.2 s
   13  Rgf1          3.9 s       46.8 s
   14  Rc1           3.9 s       43.3 s
   15  Rc2           7.6 s       36.2 s
   16  h3            1.9 s       34.8 s
   17  Rd2           2.8 s       32.5 s
   18  d5            4.4 s       28.6 s
   19  Rg1           3.6 s       25.5 s
   20  Re2           2.6 s       23.4 s
   21  Rg2           1.9 s       22.0 s
   22  Rg1           1.7 s       20.7 s
   23  Rd2           4.3 s       16.9 s
   24  Bxd2          1.8 s       15.6 s
   25  Bxh6          1.3 s       14.8 s
   26  gxh4          1.6 s       13.7 s
   27  Bf4           1.0 s       13.2 s
   28  Kxg1          2.0 s       11.7 s
   29  Kg2           1.0 s       11.2 s
   30  h5            0.9 s       10.8 s
   31  Kg3           2.6 s        8.6 s
   32  bxa3          0.9 s        8.2 s
   33  Be5           1.3 s        7.4 s
   34  Kh4           0.8 s        7.1 s
   35  Bxa1          0.7 s        6.9 s
   36  Kg3           1.2 s        6.2 s
   37  h6            1.9 s        4.9 s
   38  hxg7          0.7 s        4.7 s
   39  Kf4           1.4 s        3.8 s
   40  Kxf5          1.1 s        3.2 s
   41  h4            0.9 s        2.7 s
   42  Kxe4          0.2 s        3.0 s
   43  Ke3           0.0 s        3.4 s
   44  Kd2           0.0 s        3.9 s
   45  Kd1           0.0 s        4.4 s
   46  Ke2           0.0 s        4.9 s

OUTPUT
  2,614 bytes on stderr

  ready in 15.6s (numba=True)
  d13/25 -32cp 7,513,876n 7.79s 964,365nps clock=120000ms
  d14/23 +36cp 5,429,848n 5.77s 941,205nps clock=112706ms
  d17/26 +15cp 6,469,004n 6.79s 952,330nps clock=107435ms
  d17/27 +14cp 7,907,643n 8.52s 927,649nps clock=101138ms
  d15/26 -1cp 6,833,883n 6.90s 989,795nps clock=93112ms
  d15/25 -7cp 7,564,726n 7.56s 1,001,071nps clock=86706ms
  d15/24 +20cp 6,629,806n 6.87s 964,348nps clock=79648ms
  d13/22 -3cp 3,710,884n 3.62s 1,026,147nps clock=73271ms
  d12/23 +8cp 6,665,297n 6.43s 1,037,328nps clock=70153ms
  d13/23 -26cp 6,118,098n 5.92s 1,033,866nps clock=64226ms
  d12/24 -38cp 3,164,081n 2.97s 1,064,491nps clock=58807ms
  d13/24 -24cp 6,918,581n 6.66s 1,039,502nps clock=56333ms
  d12/21 -60cp 4,120,416n 3.89s 1,060,548nps clock=50175ms
  d12/25 -29cp 3,730,444n 3.94s 946,291nps clock=46788ms
  d13/26 -63cp 7,572,482n 7.63s 992,737nps clock=43345ms
  d11/21 -92cp 1,925,813n 1.93s 997,592nps clock=36215ms
  d15/25 -143cp 2,749,628n 2.79s 984,111nps clock=34783ms
  d12/23 -145cp 4,418,029n 4.36s 1,014,164nps clock=32488ms
  d12/21 -196cp 3,656,813n 3.61s 1,014,235nps clock=28630ms
  d11/21 -167cp 2,686,646n 2.63s 1,023,222nps clock=25523ms
  d11/22 -195cp 1,941,742n 1.91s 1,016,428nps clock=23396ms
  d12/23 -300cp 1,833,994n 1.73s 1,057,155nps clock=21984ms
  d15/28 -350cp 4,605,955n 4.33s 1,063,251nps clock=20747ms
  d17/27 -549cp 1,997,356n 1.80s 1,109,960nps clock=16914ms
  d16/28 -568cp 1,551,808n 1.34s 1,158,843nps clock=15613ms
  d19/27 -623cp 2,275,373n 1.60s 1,420,670nps clock=14772ms
  d19/25 -644cp 1,490,333n 0.99s 1,499,066nps clock=13668ms
  d18/26 -678cp 3,147,000n 1.98s 1,586,947nps clock=13173ms
  d17/25 -683cp 1,598,708n 1.02s 1,571,085nps clock=11688ms
  d13/22 -668cp 1,345,454n 0.90s 1,498,492nps clock=11169ms
  d16/26 -822cp 4,058,543n 2.64s 1,535,952nps clock=10769ms
  d17/28 -912cp 1,369,330n 0.90s 1,516,345nps clock=8625ms
  d16/27 -1037cp 2,034,401n 1.31s 1,547,224nps clock=8221ms
  d14/24 -1078cp 1,138,151n 0.79s 1,448,608nps clock=7405ms
  d18/26 -1295cp 988,189n 0.72s 1,377,126nps clock=7117ms
  d18/27 -1400cp 1,622,764n 1.18s 1,380,199nps clock=6898ms
  d16/26 -1631cp 2,267,138n 1.85s 1,223,246nps clock=6221ms
  d16/27 -1746cp 747,940n 0.71s 1,056,298nps clock=4866ms
  d14/26 -1752cp 1,311,745n 1.38s 947,357nps clock=4656ms
  d12/24 -1873cp 1,091,584n 1.12s 976,232nps clock=3770ms
  d11/24 -2459cp 897,024n 0.93s 962,352nps clock=3150ms
  d10/20 -29982cp 223,078n 0.25s 899,220nps clock=2717ms
  d9/16 -29984cp 25,480n 0.02s 1,228,577nps clock=2967ms
  d8/14 -29986cp 7,804n 0.01s 978,950nps clock=3445ms
  d2/5 -29996cp 411n 0.00s 552,183nps clock=3935ms
  d1/2 -29998cp 8n 0.00s 25,518nps clock=4433ms

Email hello@aichessathon.com with this file if anything here is unclear.
