AI CHESSATHON MATCH LOG
=======================

MATCH
  Round          Rated 13
  Team           The Castle Gambit
  Colour         Black
  Opponent       CheckmateGPT
  Opening        London System
  Start FEN      r1bqkb1r/pp3ppp/2n1pn2/2pp4/3P1B2/P1P1P3/1P1N1PPP/R2QKBNR b KQkq - 0 6
  You moved      First
  Machine        w-4e8c1d
  Finished       2026-09-04 19:12:33 UTC
  Match ID       44017c89-bd88-4673-ae3c-a840358710c3

INIT
  Ready in       14.3 s
  Budget         90.0 s
  Used           16 percent

CLOCK
  Base           120.0 s plus 0.5 s per move
  Moves          87
  Time used      156.8 s
  Slowest        13.2 s on move 1
  Fastest        0.0 s on move 85
  Average        1.8 s
  Left at end    6.7 s

RESULT
  Won by checkmate
  Game lasted 305.3 s

MOVES
    #  move          time     clock left
    1  Bd6          13.2 s      107.3 s
    2  Bxc5         10.3 s       97.5 s
    3  Nh5           5.8 s       92.2 s
    4  Be7          12.5 s       80.3 s
    5  Bd7           8.6 s       72.2 s
    6  Rc8           6.8 s       65.9 s
    7  Nxg3          6.7 s       59.7 s
    8  a6            5.5 s       54.7 s
    9  g5            2.7 s       52.5 s
   10  g4            3.0 s       50.0 s
   11  exd5          4.9 s       45.5 s
   12  Be6           3.1 s       42.9 s
   13  Qb6           2.2 s       41.2 s
   14  Nd4           4.4 s       37.3 s
   15  Kf8           4.1 s       33.7 s
   16  Qxd4          3.6 s       30.6 s
   17  Bxf5          2.0 s       29.1 s
   18  Rc6           2.3 s       27.3 s
   19  Bxa3          1.6 s       26.3 s
   20  Bxb2          2.5 s       24.3 s
   21  Bd7           1.6 s       23.2 s
   22  Re6           4.7 s       19.0 s
   23  Bc3           1.3 s       18.2 s
   24  Re2           1.1 s       17.6 s
   25  Ba4           1.8 s       16.3 s
   26  Be1           1.4 s       15.4 s
   27  Bxg3          1.4 s       14.5 s
   28  Re1+          1.7 s       13.3 s
   29  Rxf1+         1.5 s       12.3 s
   30  Bb8           1.1 s       11.7 s
   31  Be8           3.0 s        9.2 s
   32  Rh6           1.0 s        8.7 s
   33  Rg6           0.8 s        8.4 s
   34  Bd7           1.0 s        7.9 s
   35  a5            1.2 s        7.2 s
   36  a4            1.4 s        6.4 s
   37  b5            0.7 s        6.1 s
   38  Bc7           0.8 s        5.8 s
   39  Bb8           0.8 s        5.5 s
   40  b4            0.9 s        5.2 s
   41  a3            1.5 s        4.1 s
   42  Be6           0.8 s        3.9 s
   43  Ke8           1.1 s        3.2 s
   44  Rg5           1.0 s        2.8 s
   45  Rc5           0.8 s        2.5 s
   46  Rc6           0.5 s        2.4 s
   47  Kd8           0.6 s        2.3 s
   48  Kxd7          0.7 s        2.1 s
   49  Bd6           0.5 s        2.1 s
   50  b3            0.6 s        2.0 s
   51  Bxa3          0.6 s        1.9 s
   52  b2            0.5 s        1.9 s
   53  Rc1           0.6 s        1.9 s
   54  Kc6           0.6 s        1.8 s
   55  Rc5           0.5 s        1.8 s
   56  Ra5           0.5 s        1.8 s
   57  Rxg5          0.5 s        1.8 s
   58  Rb5           0.5 s        1.8 s
   59  Kd7           0.5 s        1.8 s
   60  Rb4+          0.5 s        1.7 s
   61  Bf5           0.5 s        1.7 s
   62  Rg4           0.5 s        1.7 s
   63  Rxg3+         0.5 s        1.7 s
   64  Rg2           0.5 s        1.7 s
   65  Rxd2          0.5 s        1.7 s
   66  Rf2+          0.5 s        1.7 s
   67  Ra2           0.5 s        1.7 s
   68  Be6           0.5 s        1.7 s
   69  f5            0.5 s        1.7 s
   70  Ra4+          0.5 s        1.7 s
   71  f4+           0.5 s        1.7 s
   72  Bd5+          0.5 s        1.7 s
   73  Ra2+          0.5 s        1.7 s
   74  f3            0.5 s        1.7 s
   75  Bc4           0.5 s        1.7 s
   76  Re2+          0.5 s        1.7 s
   77  Rg2+          0.5 s        1.7 s
   78  Rxg4          0.0 s        2.2 s
   79  Bd5           0.0 s        2.7 s
   80  Rg2           0.0 s        3.2 s
   81  Kd6           0.0 s        3.7 s
   82  f2            0.0 s        4.2 s
   83  Bc4+          0.0 s        4.7 s
   84  f1=Q+         0.0 s        5.2 s
   85  Qd3+          0.0 s        5.7 s
   86  Qb3+          0.0 s        6.2 s
   87  Ra2#          0.0 s        6.7 s

OUTPUT
  4,912 bytes on stderr

  ready in 13.1s (numba=True)
  d16/28 +12cp 15,717,717n 13.21s 1,189,731nps clock=120000ms
  d15/28 +0cp 11,943,461n 10.29s 1,160,456nps clock=107287ms
  d14/24 +0cp 6,496,365n 5.75s 1,129,735nps clock=97494ms
  d14/29 +7cp 14,437,778n 12.46s 1,158,843nps clock=92242ms
  d15/27 +4cp 9,793,491n 8.59s 1,140,736nps clock=80282ms
  d15/28 +10cp 7,709,241n 6.80s 1,133,383nps clock=72195ms
  d15/27 +7cp 7,580,704n 6.67s 1,135,687nps clock=65892ms
  d14/25 +7cp 6,217,233n 5.48s 1,133,675nps clock=59716ms
  d13/25 +61cp 3,422,427n 2.74s 1,250,891nps clock=54731ms
  d14/26 +30cp 3,674,516n 3.02s 1,215,941nps clock=52493ms
  d16/27 -4cp 5,606,851n 4.92s 1,138,752nps clock=49970ms
  d14/26 +58cp 3,648,504n 3.10s 1,177,370nps clock=45545ms
  d13/25 +164cp 2,432,518n 2.20s 1,106,146nps clock=42945ms
  d15/28 +191cp 4,807,111n 4.44s 1,083,330nps clock=41244ms
  d16/27 +149cp 4,584,283n 4.06s 1,129,718nps clock=37306ms
  d17/25 +151cp 4,769,109n 3.63s 1,312,564nps clock=33746ms
  d16/24 +141cp 2,568,068n 1.97s 1,300,492nps clock=30612ms
  d13/22 +169cp 2,953,540n 2.30s 1,285,714nps clock=29136ms
  d16/24 +185cp 1,976,611n 1.55s 1,274,049nps clock=27337ms
  d16/25 +184cp 3,189,614n 2.46s 1,298,053nps clock=26284ms
  d15/22 +216cp 1,993,425n 1.61s 1,241,975nps clock=24326ms
  d14/25 +201cp 6,098,944n 4.69s 1,299,634nps clock=23219ms
  d15/25 +158cp 1,638,347n 1.31s 1,252,657nps clock=19025ms
  d14/25 +159cp 1,431,198n 1.14s 1,252,909nps clock=18216ms
  d15/24 +153cp 2,147,820n 1.75s 1,223,978nps clock=17573ms
  d16/27 +132cp 1,847,088n 1.43s 1,292,281nps clock=16317ms
  d14/25 +137cp 1,841,842n 1.42s 1,301,372nps clock=15386ms
  d13/24 +124cp 2,174,452n 1.65s 1,317,050nps clock=14470ms
  d13/24 +133cp 2,183,676n 1.49s 1,464,747nps clock=13317ms
  d13/22 +131cp 1,668,465n 1.10s 1,518,894nps clock=12325ms
  d12/22 +142cp 4,447,232n 3.02s 1,474,300nps clock=11726ms
  d12/21 +131cp 1,555,918n 1.03s 1,516,922nps clock=9208ms
  d12/20 +104cp 1,254,205n 0.82s 1,531,280nps clock=8681ms
  d13/23 +127cp 1,476,593n 0.96s 1,537,145nps clock=8360ms
  d13/22 +173cp 1,747,297n 1.17s 1,496,434nps clock=7899ms
  d13/22 +202cp 2,035,704n 1.38s 1,479,706nps clock=7230ms
  d13/22 +258cp 1,074,822n 0.74s 1,456,429nps clock=6353ms
  d11/19 +213cp 1,132,777n 0.77s 1,479,735nps clock=6113ms
  d13/25 +227cp 1,157,306n 0.82s 1,412,173nps clock=5847ms
  d13/23 +248cp 1,218,727n 0.85s 1,428,274nps clock=5526ms
  d12/23 +284cp 2,101,250n 1.54s 1,365,404nps clock=5172ms
  d13/25 +296cp 1,040,559n 0.77s 1,354,809nps clock=4131ms
  d13/27 +334cp 1,601,538n 1.15s 1,397,959nps clock=3862ms
  d12/24 +403cp 1,321,986n 0.95s 1,388,999nps clock=3215ms
  d12/24 +466cp 1,092,855n 0.81s 1,354,900nps clock=2762ms
  d12/23 +504cp 732,486n 0.55s 1,340,717nps clock=2454ms
  d12/23 +520cp 894,018n 0.63s 1,408,012nps clock=2407ms
  d12/22 +576cp 937,984n 0.67s 1,403,099nps clock=2271ms
  d13/22 +592cp 699,457n 0.49s 1,416,540nps clock=2101ms
  d14/24 +571cp 1,036,291n 0.62s 1,674,851nps clock=2106ms
  d13/24 +575cp 1,052,673n 0.58s 1,807,057nps clock=1986ms
  d12/22 +603cp 803,044n 0.46s 1,750,990nps clock=1902ms
  d13/25 +612cp 993,281n 0.57s 1,744,599nps clock=1942ms
  d14/25 +626cp 929,795n 0.55s 1,694,692nps clock=1872ms
  d14/23 +662cp 885,360n 0.53s 1,671,279nps clock=1822ms
  d13/26 +666cp 886,785n 0.52s 1,692,370nps clock=1791ms
  d14/25 +658cp 791,070n 0.46s 1,722,030nps clock=1766ms
  d13/23 +656cp 951,296n 0.53s 1,800,773nps clock=1805ms
  d12/24 +657cp 911,360n 0.52s 1,752,883nps clock=1776ms
  d12/26 +662cp 898,048n 0.51s 1,748,551nps clock=1755ms
  d14/24 +670cp 915,457n 0.51s 1,798,750nps clock=1740ms
  d15/25 +688cp 926,720n 0.51s 1,832,366nps clock=1730ms
  d15/29 +801cp 922,147n 0.50s 1,834,796nps clock=1723ms
  d16/30 +816cp 968,705n 0.50s 1,927,182nps clock=1719ms
  d15/27 +813cp 953,345n 0.50s 1,900,807nps clock=1715ms
  d14/26 +819cp 1,034,240n 0.50s 2,065,705nps clock=1713ms
  d15/26 +837cp 976,898n 0.50s 1,953,321nps clock=1711ms
  d15/25 +900cp 918,680n 0.47s 1,949,780nps clock=1709ms
  d15/27 +919cp 960,513n 0.51s 1,889,411nps clock=1737ms
  d13/25 +990cp 948,225n 0.51s 1,877,143nps clock=1727ms
  d14/27 +1064cp 918,530n 0.50s 1,826,266nps clock=1721ms
  d15/26 +1083cp 910,337n 0.50s 1,813,679nps clock=1717ms
  d17/30 +1368cp 829,442n 0.50s 1,654,772nps clock=1714ms
  d18/32 +1603cp 828,417n 0.50s 1,656,289nps clock=1711ms
  d17/30 +1627cp 817,152n 0.50s 1,634,735nps clock=1710ms
  d17/31 +2157cp 673,794n 0.50s 1,347,360nps clock=1709ms
  d17/26 +2231cp 528,384n 0.50s 1,057,593nps clock=1708ms
  d15/20 +29981cp 21,840n 0.01s 1,818,988nps clock=1707ms
  d13/17 +29983cp 16,237n 0.01s 1,910,259nps clock=2194ms
  d11/15 +29985cp 11,075n 0.01s 2,099,200nps clock=2684ms
  d9/12 +29987cp 2,396n 0.00s 1,648,397nps clock=3178ms
  d7/10 +29989cp 1,410n 0.00s 1,637,973nps clock=3676ms
  d5/8 +29991cp 988n 0.00s 1,689,140nps clock=4174ms
  d4/6 +29993cp 650n 0.00s 1,487,721nps clock=4672ms
  d3/4 +29995cp 434n 0.00s 1,205,529nps clock=5171ms
  d2/2 +29997cp 163n 0.00s 805,714nps clock=5670ms
  d1/0 +29999cp 50n 0.00s 248,999nps clock=6169ms

Email hello@aichessathon.com with this file if anything here is unclear.
